
> passort@0.1.0 build
> next build

node.exe : [baseline-bro
wser-mapping] The data 
in this module is over 
two months old.  To 
ensure accurate 
Baseline data, please 
update: `npm i baseline-
browser-mapping@latest 
-D`
At line:1 char:1
+ & "C:\Program 
Files\nodejs/node.exe" 
"C:\Program 
Files\nodejs/node_mo ...
+ ~~~~~~~~~~~~~~~~~~~~~~
~~~~~~~~~~~~~~~~~~~~~~~~
~~~~~~~~~~~~~~~~~~~~~~~
    + CategoryInfo      
        : NotSpecified  
  : ([baseline-brows.   
 ..ping@latest -D`:S    
tring) [], RemoteEx    
ception
    + FullyQualifiedErr 
   orId : NativeComman  
  dError
 
 ΓÜá Warning: Next.js 
inferred your workspace 
root, but it may not be 
correct.
 We detected multiple 
lockfiles and selected 
the directory of C:\User
s\franc\package-lock.jso
n as the root directory.
 To silence this 
warning, set 
`turbopack.root` in 
your Next.js config, or 
consider removing one 
of the lockfiles if 
it's not needed.
   See https://nextjs.or
g/docs/app/api-reference
/config/next-config-js/t
urbopack#root-directory 
for more information.
 Detected additional 
lockfiles: 
   * 
C:\Users\franc\OneDrive 
- Eastern Mediterranean 
University\Desktop\passp
ort\passort\package-lock
.json

   Γû▓ Next.js 16.0.5 (Turbopack)
   - Environments: .env

   Creating an optimized production build ...
[baseline-browser-mappin
g] The data in this 
module is over two 
months old.  To ensure 
accurate Baseline data, 
please update: `npm i ba
seline-browser-mapping@l
atest -D`
[baseline-browser-mappin
g] The data in this 
module is over two 
months old.  To ensure 
accurate Baseline data, 
please update: `npm i ba
seline-browser-mapping@l
atest -D`

> Build error occurred
Error: Turbopack build 
failed with 1 errors:
./OneDrive - Eastern 
Mediterranean University
/Desktop/passport/passor
t/src/app/page.tsx:8:1
Module not found: Can't 
resolve '@clerk/nextjs'
[0m [90m  6 |[39m 
[36mimport[39m { 
[33mSocialProof[39m } 
[36mfrom[39m [32m"@/c
omponents/home/SocialPro
of"[39m[33m;[39m
 [90m  7 |[39m 
[36mimport[39m { 
[33mFAQ[39m } 
[36mfrom[39m [32m"@/c
omponents/home/FAQ"[39m
[33m;[39m
[31m[1m>[22m[39m[90
m  8 |[39m 
[36mimport[39m { 
[33mClerkProvider[39m 
} [36mfrom[39m [32m"@
clerk/nextjs"[39m[33m;
[39m
 [90m    |[39m [31m[
1m^[22m[39m[31m[1m^
[22m[39m[31m[1m^[22m
[39m[31m[1m^[22m[39
m[31m[1m^[22m[39m[3
1m[1m^[22m[39m[31m[
1m^[22m[39m[31m[1m^
[22m[39m[31m[1m^[22m
[39m[31m[1m^[22m[39
m[31m[1m^[22m[39m[3
1m[1m^[22m[39m[31m[
1m^[22m[39m[31m[1m^
[22m[39m[31m[1m^[22m
[39m[31m[1m^[22m[39
m[31m[1m^[22m[39m[3
1m[1m^[22m[39m[31m[
1m^[22m[39m[31m[1m^
[22m[39m[31m[1m^[22m
[39m[31m[1m^[22m[39
m[31m[1m^[22m[39m[3
1m[1m^[22m[39m[31m[
1m^[22m[39m[31m[1m^
[22m[39m[31m[1m^[22m
[39m[31m[1m^[22m[39
m[31m[1m^[22m[39m[3
1m[1m^[22m[39m[31m[
1m^[22m[39m[31m[1m^
[22m[39m[31m[1m^[22m
[39m[31m[1m^[22m[39
m[31m[1m^[22m[39m[3
1m[1m^[22m[39m[31m[
1m^[22m[39m[31m[1m^
[22m[39m[31m[1m^[22m
[39m[31m[1m^[22m[39
m[31m[1m^[22m[39m[3
1m[1m^[22m[39m[31m[
1m^[22m[39m[31m[1m^
[22m[39m[31m[1m^[22m
[39m[31m[1m^[22m[39
m
 [90m  9 |[39m 
[36mimport[39m { db } 
[36mfrom[39m [32m"@/l
ib/db"[39m[33m;[39m
 [90m 10 |[39m
 [90m 11 |[39m 
[36mexport[39m 
[36mdefault[39m 
[36masync[39m 
[36mfunction[39m 
[33mHome[39m() {[0m



https://nextjs.org/docs/
messages/module-not-foun
d


    at <unknown> 
(./OneDrive - Eastern 
Mediterranean University
/Desktop/passport/passor
t/src/app/page.tsx:8:1)
    at <unknown> (https:
//nextjs.org/docs/messag
es/module-not-found)
